Source Name	Characteristics[organism]	Characteristics[individual]	Characteristics[sex]	Characteristics[age]	Unit [time unit]	Characteristics[developmental stage]	Characteristics[organism part]	Characteristics[sampling site]	Characteristics[cell type]	Characteristics[disease]	Characteristics[organism status]	Characteristics[cause of death]	Characteristics[clinical history]	Description	Material Type	Protocol REF	Protocol REF	Protocol REF	Protocol REF	Protocol REF	Protocol REF	Extract Name	Material Type	Comment[library construction]	Comment[input molecule]	Comment[primer]	Comment[end bias]	Comment[umi barcode read]	Comment[umi barcode offset]	Comment[umi barcode size]	Comment[cell barcode read]	Comment[cell barcode offset]	Comment[cell barcode size]	Comment[sample barcode read]	Comment[sample barcode offset]	Comment[sample barcode size]	Comment[single cell isolation]	Comment[cDNA read]	Comment[cDNA read offset]	Comment[cDNA read size]	Comment[LIBRARY_STRAND]	Comment[LIBRARY_LAYOUT]	Comment[LIBRARY_SOURCE]	Comment[LIBRARY_STRATEGY]	Comment[LIBRARY_SELECTION]	Protocol REF	Assay Name	Technology Type	Scan Name	Comment[RUN]	Comment[BioSD_SAMPLE]	Comment[ENA_EXPERIMENT]	Comment [BioSD_SAMPLE]	Comment[ENA_RUN]	Comment[read1 file]	Comment[FASTQ_URI]	Comment[read2 file]	Comment[FASTQ_URI]
GSM3440844	Homo sapiens	GU0700	male	69		human adult stage	kidney		myeloid cell||lymphocyte	renal cell carcinoma (disease)	dead			"renal tumor,69,renal cell carcinoma,pT3a,G2"	cell	P-HCAD44-1	P-HCAD44-10	P-HCAD44-3	P-HCAD44-4	P-HCAD44-8	P-HCAD44-9	GSM3440844	RNA	10xV2	polyA RNA	oligo-dT	5 prime tag	Read 1	16	10	read1	0	10		0	8	FACS	read2	0	98	first strand	PAIRED	TRANSCRIPTOMIC SINGLE CELL	RNA-Seq	cDNA	P-HCAD44-11	GSM3440844	sequencing assay	GSM3440844	GSM3440844	SAMN10272927		GU0700_tumor	SRR8088290	SRR8088290_1.fastq.gz	ftp://ftp.sra.ebi.ac.uk/vol1/fastq/SRR808/000/SRR8088290/SRR8088290_1.fastq.gz	SRR8088290_2.fastq.gz	ftp://ftp.sra.ebi.ac.uk/vol1/fastq/SRR808/000/SRR8088290/SRR8088290_2.fastq.gz
GSM3440847	Homo sapiens	GU0700	male	69		human adult stage	blood		myeloid cell||lymphocyte	renal cell carcinoma (disease)	dead			"peripheral blood,69,matched peripheral blood,pT3a,G2"	cell	P-HCAD44-10	P-HCAD44-2	P-HCAD44-6	P-HCAD44-8	P-HCAD44-9		GSM3440847	RNA	10xV2	polyA RNA	oligo-dT	5 prime tag	Read 1	16	10	read1	0	10		0	8	FACS	read2	0	98	first strand	PAIRED	TRANSCRIPTOMIC SINGLE CELL	RNA-Seq	cDNA	P-HCAD44-11	GSM3440847	sequencing assay	GSM3440847	GSM3440847	SAMN10272924		GU0700_blood	SRR8088293	SRR8088293_1.fastq.gz	ftp://ftp.sra.ebi.ac.uk/vol1/fastq/SRR808/003/SRR8088293/SRR8088293_1.fastq.gz	SRR8088293_2.fastq.gz	ftp://ftp.sra.ebi.ac.uk/vol1/fastq/SRR808/003/SRR8088293/SRR8088293_2.fastq.gz
GSM3440845	Homo sapiens	GU0715	male	74		human adult stage	kidney		myeloid cell||lymphocyte	renal cell carcinoma (disease)	dead			"renal tumor,74,renal cell carcinoma,pT1b,G2"	cell	P-HCAD44-1	P-HCAD44-10	P-HCAD44-3	P-HCAD44-4	P-HCAD44-8	P-HCAD44-9	GSM3440845	RNA	10xV2	polyA RNA	oligo-dT	5 prime tag	Read 1	16	10	read1	0	10		0	8	FACS	read2	0	98	first strand	PAIRED	TRANSCRIPTOMIC SINGLE CELL	RNA-Seq	cDNA	P-HCAD44-11	GSM3440845	sequencing assay	GSM3440845	GSM3440845	SAMN10272926		GU0715_tumor	SRR8088291	SRR8088291_1.fastq.gz	ftp://ftp.sra.ebi.ac.uk/vol1/fastq/SRR808/001/SRR8088291/SRR8088291_1.fastq.gz	SRR8088291_2.fastq.gz	ftp://ftp.sra.ebi.ac.uk/vol1/fastq/SRR808/001/SRR8088291/SRR8088291_2.fastq.gz
GSM3440848	Homo sapiens	GU0715	male	74		human adult stage	blood		myeloid cell||lymphocyte	renal cell carcinoma (disease)	dead			"peripheral blood,74,matched peripheral blood,pT1b,G2"	cell	P-HCAD44-10	P-HCAD44-2	P-HCAD44-6	P-HCAD44-8	P-HCAD44-9		GSM3440848	RNA	10xV2	polyA RNA	oligo-dT	5 prime tag	Read 1	16	10	read1	0	10		0	8	FACS	read2	0	98	first strand	PAIRED	TRANSCRIPTOMIC SINGLE CELL	RNA-Seq	cDNA	P-HCAD44-11	GSM3440848	sequencing assay	GSM3440848	GSM3440848	SAMN10272923		GU0715_blood	SRR8088294	SRR8088294_1.fastq.gz	ftp://ftp.sra.ebi.ac.uk/vol1/fastq/SRR808/004/SRR8088294/SRR8088294_1.fastq.gz	SRR8088294_2.fastq.gz	ftp://ftp.sra.ebi.ac.uk/vol1/fastq/SRR808/004/SRR8088294/SRR8088294_2.fastq.gz
GSM3440846	Homo sapiens	GU0744	male	67		human adult stage	kidney		myeloid cell||lymphocyte	renal cell carcinoma (disease)	dead			"renal tumor,67,renal cell carcinoma,pT1b,G2"	cell	P-HCAD44-1	P-HCAD44-10	P-HCAD44-3	P-HCAD44-4	P-HCAD44-8	P-HCAD44-9	GSM3440846	RNA	10xV2	polyA RNA	oligo-dT	5 prime tag	Read 1	16	10	read1	0	10		0	8	FACS	read2	0	98	first strand	PAIRED	TRANSCRIPTOMIC SINGLE CELL	RNA-Seq	cDNA	P-HCAD44-11	GSM3440846	sequencing assay	GSM3440846	GSM3440846	SAMN10272925		GU0744_tumor	SRR8088292	SRR8088292_1.fastq.gz	ftp://ftp.sra.ebi.ac.uk/vol1/fastq/SRR808/002/SRR8088292/SRR8088292_1.fastq.gz	SRR8088292_2.fastq.gz	ftp://ftp.sra.ebi.ac.uk/vol1/fastq/SRR808/002/SRR8088292/SRR8088292_2.fastq.gz
GSM3440849	Homo sapiens	GU0744	male	67		human adult stage	blood		myeloid cell||lymphocyte	renal cell carcinoma (disease)	dead			"peripheral blood,67,matched peripheral blood,pT1b,G2"	cell	P-HCAD44-10	P-HCAD44-2	P-HCAD44-6	P-HCAD44-8	P-HCAD44-9		GSM3440849	RNA	10xV2	polyA RNA	oligo-dT	5 prime tag	Read 1	16	10	read1	0	10		0	8	FACS	read2	0	98	first strand	PAIRED	TRANSCRIPTOMIC SINGLE CELL	RNA-Seq	cDNA	P-HCAD44-11	GSM3440849	sequencing assay	GSM3440849	GSM3440849	SAMN10272922		GU0744_blood	SRR8088295	SRR8088295_1.fastq.gz	ftp://ftp.sra.ebi.ac.uk/vol1/fastq/SRR808/005/SRR8088295/SRR8088295_1.fastq.gz	SRR8088295_2.fastq.gz	ftp://ftp.sra.ebi.ac.uk/vol1/fastq/SRR808/005/SRR8088295/SRR8088295_2.fastq.gz