cell_suspension.biomaterial_core.HDBR_accession;cell_suspension.biomaterial_core.biomaterial_description;cell_suspension.biomaterial_core.biomaterial_id;cell_suspension.biomaterial_core.biomaterial_name;cell_suspension.biomaterial_core.biosamples_accession;cell_suspension.biomaterial_core.genotype;cell_suspension.biomaterial_core.insdc_sample_accession;cell_suspension.biomaterial_core.ncbi_taxon_id;cell_suspension.biomaterial_core.supplementary_files;cell_suspension.cell_morphology.cell_morphology;cell_suspension.cell_morphology.cell_size;cell_suspension.cell_morphology.cell_size_unit.ontology;cell_suspension.cell_morphology.cell_size_unit.ontology_label;cell_suspension.cell_morphology.cell_size_unit.text;cell_suspension.cell_morphology.cell_viability_method;cell_suspension.cell_morphology.cell_viability_result;cell_suspension.cell_morphology.percent_cell_viability;cell_suspension.cell_morphology.percent_necrosis;cell_suspension.estimated_cell_count;cell_suspension.genus_species.ontology;cell_suspension.genus_species.ontology_label;cell_suspension.genus_species.text;cell_suspension.growth_conditions.culture_environment;cell_suspension.growth_conditions.drug_treatment;cell_suspension.growth_conditions.feeder_layer_type;cell_suspension.growth_conditions.growth_medium;cell_suspension.growth_conditions.mycoplasma_testing_method;cell_suspension.growth_conditions.mycoplasma_testing_results;cell_suspension.growth_conditions.passage_number;cell_suspension.plate_based_sequencing.plate_label;cell_suspension.plate_based_sequencing.well_label;cell_suspension.plate_based_sequencing.well_quality;cell_suspension.selected_cell_types.ontology;cell_suspension.selected_cell_types.ontology_label;cell_suspension.selected_cell_types.text;cell_suspension.timecourse.relevance;cell_suspension.timecourse.unit.ontology;cell_suspension.timecourse.unit.ontology_label;cell_suspension.timecourse.unit.text;cell_suspension.timecourse.value;collection_protocol.protocol_core.protocol_id;dissociation_protocol.protocol_core.protocol_id;donor_organism.biomaterial_core.HDBR_accession;donor_organism.biomaterial_core.biomaterial_description;donor_organism.biomaterial_core.biomaterial_id;donor_organism.biomaterial_core.biomaterial_name;donor_organism.biomaterial_core.biosamples_accession;donor_organism.biomaterial_core.genotype;donor_organism.biomaterial_core.insdc_sample_accession;donor_organism.biomaterial_core.ncbi_taxon_id;donor_organism.biomaterial_core.supplementary_files;donor_organism.death.cause_of_death;donor_organism.death.cold_perfused;donor_organism.death.days_on_ventilator;donor_organism.death.hardy_scale;donor_organism.death.normothermic_regional_perfusion;donor_organism.death.organ_donation_death_type;donor_organism.death.time_of_death;donor_organism.development_stage.ontology;donor_organism.development_stage.ontology_label;donor_organism.development_stage.text;donor_organism.diseases.ontology;donor_organism.diseases.ontology_label;donor_organism.diseases.text;donor_organism.genus_species.ontology;donor_organism.genus_species.ontology_label;donor_organism.genus_species.text;donor_organism.gestational_age;donor_organism.gestational_age_unit.ontology;donor_organism.gestational_age_unit.ontology_label;donor_organism.gestational_age_unit.text;donor_organism.height;donor_organism.height_unit.ontology;donor_organism.height_unit.ontology_label;donor_organism.height_unit.text;donor_organism.human_specific.body_mass_index;donor_organism.human_specific.ethnicity.ontology;donor_organism.human_specific.ethnicity.ontology_label;donor_organism.human_specific.ethnicity.text;donor_organism.is_living;donor_organism.medical_history.alcohol_history;donor_organism.medical_history.medication;donor_organism.medical_history.nutritional_state;donor_organism.medical_history.smoking_history;donor_organism.medical_history.test_results;donor_organism.medical_history.treatment;donor_organism.mouse_specific.strain.ontology;donor_organism.mouse_specific.strain.ontology_label;donor_organism.mouse_specific.strain.text;donor_organism.organism_age;donor_organism.organism_age_unit.ontology;donor_organism.organism_age_unit.ontology_label;donor_organism.organism_age_unit.text;donor_organism.sex;donor_organism.timecourse.relevance;donor_organism.timecourse.unit.ontology;donor_organism.timecourse.unit.ontology_label;donor_organism.timecourse.unit.text;donor_organism.timecourse.value;donor_organism.weight;donor_organism.weight_unit.ontology;donor_organism.weight_unit.ontology_label;donor_organism.weight_unit.text;enrichment_protocol.protocol_core.protocol_id;index;library_preparation_protocol.cdna_library_amplification_method.ontology;library_preparation_protocol.cdna_library_amplification_method.ontology_label;library_preparation_protocol.cdna_library_amplification_method.text;library_preparation_protocol.cell_barcode.barcode_length;library_preparation_protocol.cell_barcode.barcode_offset;library_preparation_protocol.cell_barcode.barcode_read;library_preparation_protocol.cell_barcode.white_list_file;library_preparation_protocol.end_bias;library_preparation_protocol.input_nucleic_acid_molecule.ontology;library_preparation_protocol.input_nucleic_acid_molecule.ontology_label;library_preparation_protocol.input_nucleic_acid_molecule.text;library_preparation_protocol.library_construction_kit.catalog_number;library_preparation_protocol.library_construction_kit.expiry_date;library_preparation_protocol.library_construction_kit.kit_titer;library_preparation_protocol.library_construction_kit.lot_number;library_preparation_protocol.library_construction_kit.manufacturer;library_preparation_protocol.library_construction_kit.retail_name;library_preparation_protocol.library_construction_method.ontology;library_preparation_protocol.library_construction_method.ontology_label;library_preparation_protocol.library_construction_method.text;library_preparation_protocol.library_preamplification_method.ontology;library_preparation_protocol.library_preamplification_method.ontology_label;library_preparation_protocol.library_preamplification_method.text;library_preparation_protocol.nominal_length;library_preparation_protocol.nominal_sdev;library_preparation_protocol.nucleic_acid_conversion_kit.catalog_number;library_preparation_protocol.nucleic_acid_conversion_kit.expiry_date;library_preparation_protocol.nucleic_acid_conversion_kit.kit_titer;library_preparation_protocol.nucleic_acid_conversion_kit.lot_number;library_preparation_protocol.nucleic_acid_conversion_kit.manufacturer;library_preparation_protocol.nucleic_acid_conversion_kit.retail_name;library_preparation_protocol.nucleic_acid_source;library_preparation_protocol.primer;library_preparation_protocol.protocol_core.document;library_preparation_protocol.protocol_core.protocol_description;library_preparation_protocol.protocol_core.protocol_id;library_preparation_protocol.protocol_core.protocol_name;library_preparation_protocol.protocol_core.protocols_io_doi;library_preparation_protocol.protocol_core.publication_doi;library_preparation_protocol.spike_in_dilution;library_preparation_protocol.spike_in_kit.catalog_number;library_preparation_protocol.spike_in_kit.expiry_date;library_preparation_protocol.spike_in_kit.kit_titer;library_preparation_protocol.spike_in_kit.lot_number;library_preparation_protocol.spike_in_kit.manufacturer;library_preparation_protocol.spike_in_kit.retail_name;library_preparation_protocol.strand;library_preparation_protocol.umi_barcode.barcode_length;library_preparation_protocol.umi_barcode.barcode_offset;library_preparation_protocol.umi_barcode.barcode_read;library_preparation_protocol.umi_barcode.white_list_file;sequence_file.file_core.checksum;sequence_file.file_core.content_description.ontology;sequence_file.file_core.content_description.ontology_label;sequence_file.file_core.content_description.text;sequence_file.file_core.file_name_read1;sequence_file.file_core.file_name_read2;sequence_file.file_core.format;sequence_file.insdc_run_accessions;sequence_file.lane_index;sequence_file.library_prep_id;sequence_file.read_index;sequence_file.read_length_read1;sequence_file.read_length_read2;sequencing_protocol.10x.drop_uniformity;sequencing_protocol.10x.fastq_method;sequencing_protocol.10x.fastq_method_version;sequencing_protocol.10x.pooled_channels;sequencing_protocol.instrument_manufacturer_model.ontology;sequencing_protocol.instrument_manufacturer_model.ontology_label;sequencing_protocol.instrument_manufacturer_model.text;sequencing_protocol.local_machine_name;sequencing_protocol.method.ontology;sequencing_protocol.method.ontology_label;sequencing_protocol.method.text;sequencing_protocol.paired_end;sequencing_protocol.protocol_core.document;sequencing_protocol.protocol_core.protocol_description;sequencing_protocol.protocol_core.protocol_id;sequencing_protocol.protocol_core.protocol_name;sequencing_protocol.protocol_core.protocols_io_doi;sequencing_protocol.protocol_core.publication_doi;specimen_from_organism.biomaterial_core.HDBR_accession;specimen_from_organism.biomaterial_core.biomaterial_description;specimen_from_organism.biomaterial_core.biomaterial_id;specimen_from_organism.biomaterial_core.biomaterial_name;specimen_from_organism.biomaterial_core.biosamples_accession;specimen_from_organism.biomaterial_core.genotype;specimen_from_organism.biomaterial_core.insdc_sample_accession;specimen_from_organism.biomaterial_core.ncbi_taxon_id;specimen_from_organism.biomaterial_core.supplementary_files;specimen_from_organism.collection_time;specimen_from_organism.diseases.ontology;specimen_from_organism.diseases.ontology_label;specimen_from_organism.diseases.text;specimen_from_organism.genus_species.ontology;specimen_from_organism.genus_species.ontology_label;specimen_from_organism.genus_species.text;specimen_from_organism.organ.ontology;specimen_from_organism.organ.ontology_label;specimen_from_organism.organ.text;specimen_from_organism.organ_parts.ontology;specimen_from_organism.organ_parts.ontology_label;specimen_from_organism.organ_parts.text;specimen_from_organism.preservation_storage.preservation_method;specimen_from_organism.preservation_storage.storage_method;specimen_from_organism.preservation_storage.storage_time;specimen_from_organism.preservation_storage.storage_time_unit.ontology;specimen_from_organism.preservation_storage.storage_time_unit.ontology_label;specimen_from_organism.preservation_storage.storage_time_unit.text;specimen_from_organism.purchased_specimen.catalog_number;specimen_from_organism.purchased_specimen.expiry_date;specimen_from_organism.purchased_specimen.kit_titer;specimen_from_organism.purchased_specimen.lot_number;specimen_from_organism.purchased_specimen.manufacturer;specimen_from_organism.purchased_specimen.retail_name;specimen_from_organism.state_of_specimen.autolysis_score;specimen_from_organism.state_of_specimen.gross_description;specimen_from_organism.state_of_specimen.gross_images;specimen_from_organism.state_of_specimen.ischemic_temperature;specimen_from_organism.state_of_specimen.ischemic_time;specimen_from_organism.state_of_specimen.microscopic_description;specimen_from_organism.state_of_specimen.microscopic_images;specimen_from_organism.state_of_specimen.postmortem_interval;dissociation_protocol.protocol_core.protocol_id_0;dissociation_protocol.protocol_core.protocol_id_1;dissociation_protocol.protocol_core.protocol_id_2;dissociation_protocol.protocol_core.protocol_id_3;dissociation_protocol.protocol_core.protocol_id_count;dissociation_protocol.protocol_core.protocol_id_list;enrichment_protocol.protocol_core.protocol_id_0;enrichment_protocol.protocol_core.protocol_id_1;enrichment_protocol.protocol_core.protocol_id_count;enrichment_protocol.protocol_core.protocol_id_list
;human epididymis epithelial tissue cells [AXH009];GSM4486714;SRX8143297;SAMN14646191;;;9606.0;;;;;;;;;;;2500.0;NCBITaxon:9606;Homo sapiens;Homo sapiens;;;;;;;;;;;;;;;;;;;collection_protocol_1;dissociation_protocol_processing_step_1||dissociation_protocol_processing_step_3||dissociation_protocol_processing_step_4||dissociation_protocol_processing_step_5;;human epididymis epithelial tissue donor;AXH009;donor_1;;;;9606.0;;;;;;;;;HsapDv:0000087;human adult stage;human adult stage;MONDO:0005447;testicular cancer;testicular cancer;NCBITaxon:9606;Homo sapiens;Homo sapiens;;;;;;;;;;;;;yes;;;;;;;;;;24-57;UO:0000036;year;year;unknown;;;;;;;;;;enrichment_protocol_processing_step_2||enrichment_protocol_processing_step_6;0;;;;16.0;0.0;Read 1;;3 prime tag;OBI:0000869;polyA RNA extract;polyA RNA;;;;;;;EFO:0008722;Drop-seq;Drop-seq;;;;;;;;;;;;single cell;poly-dT;;scRNA-seq libraries were generated using the 10× Genomics Chromium Single Cell 3′ Reagent Kit (v2).;library_protocol_1;library_protocol_1;;;;;;;;;;first;10.0;16.0;Read 1;;;data:3494;DNA sequence;DNA sequence;SRR11575369_1.fastq.gz;SRR11575369_2.fastq.gz;fastq.gz;SRR11575369;;;read1;;;;Cellranger;1.1;;EFO:0008637;Illumina NovaSeq 6000;Illumina NovaSeq 600;;EFO:0008440;tag based single cell RNA sequencing;tag based single cell RNA sequencing;no;;scRNA-seq libraries were sequenced on an Illumina NovaSeq 600 sequencer.;sequencing_protocol_1;sequencing_protocol_1;;;;human epididymis epithelial tissue [AXH009];SAMN14646191;human epididymis epithelial tissue [AXH009];SAMN14646191;;SRS6506205;9606.0;;;PATO:0000461;normal;normal;NCBITaxon:9606;Homo sapiens;Homo sapiens;UBERON:0000473;testis;testis;UBERON:0001301;epididymis;epididymis;;;;;;;;;;;;;;;;;;;;;dissociation_protocol_processing_step_1;dissociation_protocol_processing_step_3;dissociation_protocol_processing_step_4;dissociation_protocol_processing_step_5;4;['dissociation_protocol_processing_step_1', 'dissociation_protocol_processing_step_3', 'dissociation_protocol_processing_step_4', 'dissociation_protocol_processing_step_5'];enrichment_protocol_processing_step_2;enrichment_protocol_processing_step_6;2;['enrichment_protocol_processing_step_2', 'enrichment_protocol_processing_step_6']
;human epididymis epithelial tissue cells [AXH0012];GSM4486715;SRX8143298;SAMN14646190;;;9606.0;;;;;;;;;;;2500.0;NCBITaxon:9606;Homo sapiens;Homo sapiens;;;;;;;;;;;;;;;;;;;collection_protocol_1;dissociation_protocol_processing_step_1||dissociation_protocol_processing_step_3||dissociation_protocol_processing_step_4||dissociation_protocol_processing_step_5;;human epididymis epithelial tissue donor;AXH0012;donor_2;;;;9606.0;;;;;;;;;HsapDv:0000087;human adult stage;human adult stage;MONDO:0005447;testicular cancer;testicular cancer;NCBITaxon:9606;Homo sapiens;Homo sapiens;;;;;;;;;;;;;yes;;;;;;;;;;24-57;UO:0000036;year;year;unknown;;;;;;;;;;enrichment_protocol_processing_step_2||enrichment_protocol_processing_step_6;1;;;;16.0;0.0;Read 1;;3 prime tag;OBI:0000869;polyA RNA extract;polyA RNA;;;;;;;EFO:0008722;Drop-seq;Drop-seq;;;;;;;;;;;;single cell;poly-dT;;scRNA-seq libraries were generated using the 10× Genomics Chromium Single Cell 3′ Reagent Kit (v2).;library_protocol_1;library_protocol_1;;;;;;;;;;first;10.0;16.0;Read 1;;;data:3494;DNA sequence;DNA sequence;SRR11575370_1.fastq.gz;SRR11575370_2.fastq.gz;fastq.gz;SRR11575370;;;read1;;;;Cellranger;1.1;;EFO:0008637;Illumina NovaSeq 6000;Illumina NovaSeq 600;;EFO:0008440;tag based single cell RNA sequencing;tag based single cell RNA sequencing;no;;scRNA-seq libraries were sequenced on an Illumina NovaSeq 600 sequencer.;sequencing_protocol_1;sequencing_protocol_1;;;;human epididymis epithelial tissue [AXH012];SAMN14646190;human epididymis epithelial tissue [AXH012];SAMN14646190;;SRS6506206;9606.0;;;PATO:0000461;normal;normal;NCBITaxon:9606;Homo sapiens;Homo sapiens;UBERON:0000473;testis;testis;UBERON:0001301;epididymis;epididymis;;;;;;;;;;;;;;;;;;;;;dissociation_protocol_processing_step_1;dissociation_protocol_processing_step_3;dissociation_protocol_processing_step_4;dissociation_protocol_processing_step_5;4;['dissociation_protocol_processing_step_1', 'dissociation_protocol_processing_step_3', 'dissociation_protocol_processing_step_4', 'dissociation_protocol_processing_step_5'];enrichment_protocol_processing_step_2;enrichment_protocol_processing_step_6;2;['enrichment_protocol_processing_step_2', 'enrichment_protocol_processing_step_6']
;human epididymis epithelial tissue cells [AXH0014];GSM4486716;SRX8143299;SAMN14646189;;;9606.0;;;;;;;;;;;2500.0;NCBITaxon:9606;Homo sapiens;Homo sapiens;;;;;;;;;;;;;;;;;;;collection_protocol_1;dissociation_protocol_processing_step_1||dissociation_protocol_processing_step_3||dissociation_protocol_processing_step_4||dissociation_protocol_processing_step_5;;human epididymis epithelial tissue donor;AXH0014;donor_3;;;;9606.0;;;;;;;;;HsapDv:0000087;human adult stage;human adult stage;MONDO:0005447;testicular cancer;testicular cancer;NCBITaxon:9606;Homo sapiens;Homo sapiens;;;;;;;;;;;;;yes;;;;;;;;;;24-57;UO:0000036;year;year;unknown;;;;;;;;;;enrichment_protocol_processing_step_2||enrichment_protocol_processing_step_6;2;;;;16.0;0.0;Read 1;;3 prime tag;OBI:0000869;polyA RNA extract;polyA RNA;;;;;;;EFO:0008722;Drop-seq;Drop-seq;;;;;;;;;;;;single cell;poly-dT;;scRNA-seq libraries were generated using the 10× Genomics Chromium Single Cell 3′ Reagent Kit (v2).;library_protocol_1;library_protocol_1;;;;;;;;;;first;10.0;16.0;Read 1;;;data:3494;DNA sequence;DNA sequence;SRR11575371_1.fastq.gz;SRR11575371_2.fastq.gz;fastq.gz;SRR11575371;;;read1;;;;Cellranger;1.1;;EFO:0008637;Illumina NovaSeq 6000;Illumina NovaSeq 600;;EFO:0008440;tag based single cell RNA sequencing;tag based single cell RNA sequencing;no;;scRNA-seq libraries were sequenced on an Illumina NovaSeq 600 sequencer.;sequencing_protocol_1;sequencing_protocol_1;;;;human epididymis epithelial tissue [AXH014];SAMN14646189;human epididymis epithelial tissue [AXH014];SAMN14646189;;SRS6506207;9606.0;;;PATO:0000461;normal;normal;NCBITaxon:9606;Homo sapiens;Homo sapiens;UBERON:0000473;testis;testis;UBERON:0001301;epididymis;epididymis;;;;;;;;;;;;;;;;;;;;;dissociation_protocol_processing_step_1;dissociation_protocol_processing_step_3;dissociation_protocol_processing_step_4;dissociation_protocol_processing_step_5;4;['dissociation_protocol_processing_step_1', 'dissociation_protocol_processing_step_3', 'dissociation_protocol_processing_step_4', 'dissociation_protocol_processing_step_5'];enrichment_protocol_processing_step_2;enrichment_protocol_processing_step_6;2;['enrichment_protocol_processing_step_2', 'enrichment_protocol_processing_step_6']
