cell_suspension.biomaterial_core.HDBR_accession;cell_suspension.biomaterial_core.biomaterial_description;cell_suspension.biomaterial_core.biomaterial_id;cell_suspension.biomaterial_core.biomaterial_name;cell_suspension.biomaterial_core.biosamples_accession;cell_suspension.biomaterial_core.genotype;cell_suspension.biomaterial_core.insdc_sample_accession;cell_suspension.biomaterial_core.ncbi_taxon_id;cell_suspension.biomaterial_core.supplementary_files;cell_suspension.cell_morphology.cell_morphology;cell_suspension.cell_morphology.cell_size;cell_suspension.cell_morphology.cell_size_unit.ontology;cell_suspension.cell_morphology.cell_size_unit.ontology_label;cell_suspension.cell_morphology.cell_size_unit.text;cell_suspension.cell_morphology.cell_viability_method;cell_suspension.cell_morphology.cell_viability_result;cell_suspension.cell_morphology.percent_cell_viability;cell_suspension.cell_morphology.percent_necrosis;cell_suspension.estimated_cell_count;cell_suspension.genus_species.ontology;cell_suspension.genus_species.ontology_label;cell_suspension.genus_species.text;cell_suspension.growth_conditions.culture_environment;cell_suspension.growth_conditions.drug_treatment;cell_suspension.growth_conditions.feeder_layer_type;cell_suspension.growth_conditions.growth_medium;cell_suspension.growth_conditions.mycoplasma_testing_method;cell_suspension.growth_conditions.mycoplasma_testing_results;cell_suspension.growth_conditions.passage_number;cell_suspension.plate_based_sequencing.plate_label;cell_suspension.plate_based_sequencing.well_label;cell_suspension.plate_based_sequencing.well_quality;cell_suspension.selected_cell_types.ontology;cell_suspension.selected_cell_types.ontology_label;cell_suspension.selected_cell_types.text;cell_suspension.timecourse.relevance;cell_suspension.timecourse.unit.ontology;cell_suspension.timecourse.unit.ontology_label;cell_suspension.timecourse.unit.text;cell_suspension.timecourse.value;collection_protocol.protocol_core.protocol_id;dissociation_protocol.protocol_core.protocol_id;donor_organism.biomaterial_core.biomaterial_description;donor_organism.biomaterial_core.biomaterial_id;donor_organism.biomaterial_core.biomaterial_name;donor_organism.biomaterial_core.insdc_sample_accession;donor_organism.biomaterial_core.ncbi_taxon_id;donor_organism.death.cause_of_death;donor_organism.death.cold_perfused;donor_organism.death.days_on_ventilator;donor_organism.death.hardy_scale;donor_organism.death.normothermic_regional_perfusion;donor_organism.death.organ_donation_death_type;donor_organism.death.time_of_death;donor_organism.development_stage.ontology;donor_organism.development_stage.ontology_label;donor_organism.development_stage.text;donor_organism.diseases.ontology;donor_organism.diseases.ontology_label;donor_organism.diseases.text;donor_organism.genus_species.ontology;donor_organism.genus_species.ontology_label;donor_organism.genus_species.text;donor_organism.gestational_age;donor_organism.gestational_age_unit.ontology;donor_organism.gestational_age_unit.ontology_label;donor_organism.gestational_age_unit.text;donor_organism.height;donor_organism.height_unit.ontology;donor_organism.height_unit.ontology_label;donor_organism.height_unit.text;donor_organism.human_specific.body_mass_index;donor_organism.human_specific.ethnicity.ontology;donor_organism.human_specific.ethnicity.ontology_label;donor_organism.human_specific.ethnicity.text;donor_organism.is_living;donor_organism.medical_history.alcohol_history;donor_organism.medical_history.medication;donor_organism.medical_history.nutritional_state;donor_organism.medical_history.smoking_history;donor_organism.medical_history.test_results;donor_organism.medical_history.treatment;donor_organism.organism_age;donor_organism.organism_age_unit.ontology;donor_organism.organism_age_unit.ontology_label;donor_organism.organism_age_unit.text;donor_organism.sex;donor_organism.timecourse.relevance;donor_organism.timecourse.unit.ontology;donor_organism.timecourse.unit.ontology_label;donor_organism.timecourse.unit.text;donor_organism.timecourse.value;donor_organism.weight;donor_organism.weight_unit.ontology;donor_organism.weight_unit.ontology_label;donor_organism.weight_unit.text;enrichment_protocol.protocol_core.protocol_id;index;library_preparation_protocol.cdna_library_amplification_method.ontology;library_preparation_protocol.cdna_library_amplification_method.ontology_label;library_preparation_protocol.cdna_library_amplification_method.text;library_preparation_protocol.cell_barcode.barcode_length;library_preparation_protocol.cell_barcode.barcode_offset;library_preparation_protocol.cell_barcode.barcode_read;library_preparation_protocol.cell_barcode.white_list_file;library_preparation_protocol.end_bias;library_preparation_protocol.input_nucleic_acid_molecule.ontology;library_preparation_protocol.input_nucleic_acid_molecule.ontology_label;library_preparation_protocol.input_nucleic_acid_molecule.text;library_preparation_protocol.library_construction_kit.catalog_number;library_preparation_protocol.library_construction_kit.expiry_date;library_preparation_protocol.library_construction_kit.kit_titer;library_preparation_protocol.library_construction_kit.lot_number;library_preparation_protocol.library_construction_kit.manufacturer;library_preparation_protocol.library_construction_kit.retail_name;library_preparation_protocol.library_construction_method.ontology;library_preparation_protocol.library_construction_method.ontology_label;library_preparation_protocol.library_construction_method.text;library_preparation_protocol.library_preamplification_method.ontology;library_preparation_protocol.library_preamplification_method.ontology_label;library_preparation_protocol.library_preamplification_method.text;library_preparation_protocol.nominal_length;library_preparation_protocol.nominal_sdev;library_preparation_protocol.nucleic_acid_conversion_kit.catalog_number;library_preparation_protocol.nucleic_acid_conversion_kit.expiry_date;library_preparation_protocol.nucleic_acid_conversion_kit.kit_titer;library_preparation_protocol.nucleic_acid_conversion_kit.lot_number;library_preparation_protocol.nucleic_acid_conversion_kit.manufacturer;library_preparation_protocol.nucleic_acid_conversion_kit.retail_name;library_preparation_protocol.nucleic_acid_source;library_preparation_protocol.primer;library_preparation_protocol.protocol_core.document;library_preparation_protocol.protocol_core.protocol_description;library_preparation_protocol.protocol_core.protocol_id;library_preparation_protocol.protocol_core.protocol_name;library_preparation_protocol.protocol_core.protocols_io_doi;library_preparation_protocol.protocol_core.publication_doi;library_preparation_protocol.spike_in_dilution;library_preparation_protocol.spike_in_kit.catalog_number;library_preparation_protocol.spike_in_kit.expiry_date;library_preparation_protocol.spike_in_kit.kit_titer;library_preparation_protocol.spike_in_kit.lot_number;library_preparation_protocol.spike_in_kit.manufacturer;library_preparation_protocol.spike_in_kit.retail_name;library_preparation_protocol.strand;library_preparation_protocol.umi_barcode.barcode_length;library_preparation_protocol.umi_barcode.barcode_offset;library_preparation_protocol.umi_barcode.barcode_read;library_preparation_protocol.umi_barcode.white_list_file;sequence_file.file_core.checksum;sequence_file.file_core.content_description.ontology;sequence_file.file_core.content_description.ontology_label;sequence_file.file_core.content_description.text;sequence_file.file_core.file_name_read1;sequence_file.file_core.file_name_read2;sequence_file.file_core.format;sequence_file.insdc_run_accessions;sequence_file.lane_index;sequence_file.library_prep_id;sequence_file.read_index;sequence_file.read_length_read1;sequence_file.read_length_read2;sequencing_protocol.10x.drop_uniformity;sequencing_protocol.10x.fastq_method;sequencing_protocol.10x.fastq_method_version;sequencing_protocol.10x.pooled_channels;sequencing_protocol.instrument_manufacturer_model.ontology;sequencing_protocol.instrument_manufacturer_model.ontology_label;sequencing_protocol.instrument_manufacturer_model.text;sequencing_protocol.local_machine_name;sequencing_protocol.method.ontology;sequencing_protocol.method.ontology_label;sequencing_protocol.method.text;sequencing_protocol.paired_end;sequencing_protocol.protocol_core.document;sequencing_protocol.protocol_core.protocol_description;sequencing_protocol.protocol_core.protocol_id;sequencing_protocol.protocol_core.protocol_name;sequencing_protocol.protocol_core.protocols_io_doi;sequencing_protocol.protocol_core.publication_doi;specimen_from_organism.biomaterial_core.HDBR_accession;specimen_from_organism.biomaterial_core.biomaterial_description;specimen_from_organism.biomaterial_core.biomaterial_id;specimen_from_organism.biomaterial_core.biomaterial_name;specimen_from_organism.biomaterial_core.biosamples_accession;specimen_from_organism.biomaterial_core.genotype;specimen_from_organism.biomaterial_core.insdc_sample_accession;specimen_from_organism.biomaterial_core.ncbi_taxon_id;specimen_from_organism.biomaterial_core.supplementary_files;specimen_from_organism.collection_time;specimen_from_organism.diseases.ontology;specimen_from_organism.diseases.ontology_label;specimen_from_organism.diseases.text;specimen_from_organism.genus_species.ontology;specimen_from_organism.genus_species.ontology_label;specimen_from_organism.genus_species.text;specimen_from_organism.organ.ontology;specimen_from_organism.organ.ontology_label;specimen_from_organism.organ.text;specimen_from_organism.organ_parts.ontology;specimen_from_organism.organ_parts.ontology_label;specimen_from_organism.organ_parts.text;specimen_from_organism.preservation_storage.preservation_method;specimen_from_organism.preservation_storage.storage_method;specimen_from_organism.preservation_storage.storage_time;specimen_from_organism.preservation_storage.storage_time_unit.ontology;specimen_from_organism.preservation_storage.storage_time_unit.ontology_label;specimen_from_organism.preservation_storage.storage_time_unit.text;specimen_from_organism.purchased_specimen.catalog_number;specimen_from_organism.purchased_specimen.expiry_date;specimen_from_organism.purchased_specimen.kit_titer;specimen_from_organism.purchased_specimen.lot_number;specimen_from_organism.purchased_specimen.manufacturer;specimen_from_organism.purchased_specimen.retail_name;specimen_from_organism.state_of_specimen.autolysis_score;specimen_from_organism.state_of_specimen.gross_description;specimen_from_organism.state_of_specimen.gross_images;specimen_from_organism.state_of_specimen.ischemic_temperature;specimen_from_organism.state_of_specimen.ischemic_time;specimen_from_organism.state_of_specimen.microscopic_description;specimen_from_organism.state_of_specimen.microscopic_images;specimen_from_organism.state_of_specimen.postmortem_interval;dissociation_protocol.protocol_core.protocol_id_0;dissociation_protocol.protocol_core.protocol_id_count;dissociation_protocol.protocol_core.protocol_id_list;enrichment_protocol.protocol_core.protocol_id_0;enrichment_protocol.protocol_core.protocol_id_count;enrichment_protocol.protocol_core.protocol_id_list
;donor 1 blood cells;SRX5255152;GSM3564834;SAMN10755966;;;9606.0;;;;;;;;;;;23000.0;NCBITaxon:9606;Homo sapiens;Homo sapiens;;;;;;;;;;;CL:0000738;leukocyte;leukocyte;;;;;;collection_protocol_1;dissociation_protocol_1;human liver transplant patient 1;donor_1;donor_1;;9606.0;brain palsy;;;;;Donation after brainstem death (DBD);;HsapDv:0000087;human adult stage;human adult stage;;;;NCBITaxon:9606;Homo sapiens;Homo sapiens;;;;;;;;;;;;;no;;;;;;;41.0;UO:0000036;year;year;male;;;;;;;;;;enrichment_protocol_1;0;;;;16.0;0.0;Read 1;;3 prime tag;OBI:0000869;polyA RNA;polyA RNA;;;;;;;EFO:0009899;10X 3' v2 sequencing;Single Cell 3' Reagent Kit v2;;;;;;;;;;;;single cell;poly-dT;;The scRNA-Seq libraries were prepared with 10X Genomics Single Cell 3' Reagent Kit v2 following the user guide provided.;library_protocol_1;library_protocol_1;;;;;;;;;;first;10.0;16.0;Read 1;;;data:3494;DNA sequence;DNA sequence;S1_R1.fastq.gz;S1_R2.fastq.gz;fastq.gz;SRR8448139;;;read1;;;;Cellranger;3.0.2;;EFO:0008567;Illumina HiSeq X;HiSeq X Ten;;EFO:0008440;tag based single cell RNA sequencing;tag based single cell RNA sequencing;no;;Single cell RNA sequencing libraries were sequenced on the Illumina Hiseq XTEN platform.;sequencing_protocol_1;sequencing_protocol_1;;;;donor 1 blood;SAMN10755966;donor 1 blood;SAMN10755966;;SRS4256665;9606.0;;;;;;NCBITaxon:9606;Homo sapiens;Homo sapiens;UBERON:0000178;blood;blood;;;;;;;;;;;;;;;;;;;;;;;;dissociation_protocol_1;1;['dissociation_protocol_1'];enrichment_protocol_1;1;['enrichment_protocol_1']
;donor 1 spleen cells;SRX5255153;GSM3564835;SAMN10755965;;;9606.0;;;;;;;;;;;23000.0;NCBITaxon:9606;Homo sapiens;Homo sapiens;;;;;;;;;;;CL:0000738;leukocyte;leukocyte;;;;;;collection_protocol_3;dissociation_protocol_2;human liver transplant patient 1;donor_1;donor_1;;9606.0;brain palsy;;;;;Donation after brainstem death (DBD);;HsapDv:0000087;human adult stage;human adult stage;;;;NCBITaxon:9606;Homo sapiens;Homo sapiens;;;;;;;;;;;;;no;;;;;;;41.0;UO:0000036;year;year;male;;;;;;;;;;enrichment_protocol_1;1;;;;16.0;0.0;Read 1;;3 prime tag;OBI:0000869;polyA RNA;polyA RNA;;;;;;;EFO:0009899;10X 3' v2 sequencing;Single Cell 3' Reagent Kit v2;;;;;;;;;;;;single cell;poly-dT;;The scRNA-Seq libraries were prepared with 10X Genomics Single Cell 3' Reagent Kit v2 following the user guide provided.;library_protocol_1;library_protocol_1;;;;;;;;;;first;10.0;16.0;Read 1;;;data:3494;DNA sequence;DNA sequence;S2_R1.fastq.gz;S2_R2.fastq.gz;fastq.gz;SRR8448140;;;read1;;;;Cellranger;3.0.2;;EFO:0008567;Illumina HiSeq X;HiSeq X Ten;;EFO:0008440;tag based single cell RNA sequencing;tag based single cell RNA sequencing;no;;Single cell RNA sequencing libraries were sequenced on the Illumina Hiseq XTEN platform.;sequencing_protocol_1;sequencing_protocol_1;;;;donor 1 spleen;SAMN10755965;donor 1 spleen;SAMN10755965;;SRS4256666;9606.0;;;;;;NCBITaxon:9606;Homo sapiens;Homo sapiens;UBERON:0002106;spleen;spleen;;;;;;;;;;;;;;;;;;;;;;;;dissociation_protocol_2;1;['dissociation_protocol_2'];enrichment_protocol_1;1;['enrichment_protocol_1']
;donor 1 liver cells;SRX5255154;GSM3564836;SAMN10755964;;;9606.0;;;;;;;;;;;23000.0;NCBITaxon:9606;Homo sapiens;Homo sapiens;;;;;;;;;;;CL:0000738;leukocyte;leukocyte;;;;;;collection_protocol_2;dissociation_protocol_3;human liver transplant patient 1;donor_1;donor_1;;9606.0;brain palsy;;;;;Donation after brainstem death (DBD);;HsapDv:0000087;human adult stage;human adult stage;;;;NCBITaxon:9606;Homo sapiens;Homo sapiens;;;;;;;;;;;;;no;;;;;;;41.0;UO:0000036;year;year;male;;;;;;;;;;enrichment_protocol_1;2;;;;16.0;0.0;Read 1;;3 prime tag;OBI:0000869;polyA RNA;polyA RNA;;;;;;;EFO:0009899;10X 3' v2 sequencing;Single Cell 3' Reagent Kit v2;;;;;;;;;;;;single cell;poly-dT;;The scRNA-Seq libraries were prepared with 10X Genomics Single Cell 3' Reagent Kit v2 following the user guide provided.;library_protocol_1;library_protocol_1;;;;;;;;;;first;10.0;16.0;Read 1;;;data:3494;DNA sequence;DNA sequence;S3_R1.fastq.gz;S3_R2.fastq.gz;fastq.gz;SRR8448141;;;read1;;;;Cellranger;3.0.2;;EFO:0008567;Illumina HiSeq X;HiSeq X Ten;;EFO:0008440;tag based single cell RNA sequencing;tag based single cell RNA sequencing;no;;Single cell RNA sequencing libraries were sequenced on the Illumina Hiseq XTEN platform.;sequencing_protocol_1;sequencing_protocol_1;;;;donor 1 liver;SAMN10755964;donor 1 liver;SAMN10755964;;SRS4256667;9606.0;;;;;;NCBITaxon:9606;Homo sapiens;Homo sapiens;UBERON:0002107;liver;liver;;;;;;;;;;;;;;;;;;;;;;;;dissociation_protocol_3;1;['dissociation_protocol_3'];enrichment_protocol_1;1;['enrichment_protocol_1']
;donor 2 blood cells;SRX5255155;GSM3564837;SAMN10755963;;;9606.0;;;;;;;;;;;23000.0;NCBITaxon:9606;Homo sapiens;Homo sapiens;;;;;;;;;;;CL:0000738;leukocyte;leukocyte;;;;;;collection_protocol_1;dissociation_protocol_1;human liver transplant patient 2;donor_2;donor_2;;9606.0;brain palsy;;;;;Donation after brainstem death (DBD);;HsapDv:0000087;human adult stage;human adult stage;;;;NCBITaxon:9606;Homo sapiens;Homo sapiens;;;;;;;;;;;;;no;;;;;;;27.0;UO:0000036;year;year;male;;;;;;;;;;enrichment_protocol_1;3;;;;16.0;0.0;Read 1;;3 prime tag;OBI:0000869;polyA RNA;polyA RNA;;;;;;;EFO:0009899;10X 3' v2 sequencing;Single Cell 3' Reagent Kit v2;;;;;;;;;;;;single cell;poly-dT;;The scRNA-Seq libraries were prepared with 10X Genomics Single Cell 3' Reagent Kit v2 following the user guide provided.;library_protocol_1;library_protocol_1;;;;;;;;;;first;10.0;16.0;Read 1;;;data:3494;DNA sequence;DNA sequence;S4_R1.fastq.gz;S4_R2.fastq.gz;fastq.gz;SRR8448142;;;read1;;;;Cellranger;3.0.2;;EFO:0008567;Illumina HiSeq X;HiSeq X Ten;;EFO:0008440;tag based single cell RNA sequencing;tag based single cell RNA sequencing;no;;Single cell RNA sequencing libraries were sequenced on the Illumina Hiseq XTEN platform.;sequencing_protocol_1;sequencing_protocol_1;;;;donor 2 blood;SAMN10755963;donor 2 blood;SAMN10755963;;SRS4256670;9606.0;;;;;;NCBITaxon:9606;Homo sapiens;Homo sapiens;UBERON:0000178;blood;blood;;;;;;;;;;;;;;;;;;;;;;;;dissociation_protocol_1;1;['dissociation_protocol_1'];enrichment_protocol_1;1;['enrichment_protocol_1']
;donor 2 spleen cells;SRX5255156;GSM3564838;SAMN10755962;;;9606.0;;;;;;;;;;;23000.0;NCBITaxon:9606;Homo sapiens;Homo sapiens;;;;;;;;;;;CL:0000738;leukocyte;leukocyte;;;;;;collection_protocol_3;dissociation_protocol_2;human liver transplant patient 2;donor_2;donor_2;;9606.0;brain palsy;;;;;Donation after brainstem death (DBD);;HsapDv:0000087;human adult stage;human adult stage;;;;NCBITaxon:9606;Homo sapiens;Homo sapiens;;;;;;;;;;;;;no;;;;;;;27.0;UO:0000036;year;year;male;;;;;;;;;;enrichment_protocol_1;4;;;;16.0;0.0;Read 1;;3 prime tag;OBI:0000869;polyA RNA;polyA RNA;;;;;;;EFO:0009899;10X 3' v2 sequencing;Single Cell 3' Reagent Kit v2;;;;;;;;;;;;single cell;poly-dT;;The scRNA-Seq libraries were prepared with 10X Genomics Single Cell 3' Reagent Kit v2 following the user guide provided.;library_protocol_1;library_protocol_1;;;;;;;;;;first;10.0;16.0;Read 1;;;data:3494;DNA sequence;DNA sequence;S5_R1.fastq.gz;S5_R2.fastq.gz;fastq.gz;SRR8448143;;;read1;;;;Cellranger;3.0.2;;EFO:0008567;Illumina HiSeq X;HiSeq X Ten;;EFO:0008440;tag based single cell RNA sequencing;tag based single cell RNA sequencing;no;;Single cell RNA sequencing libraries were sequenced on the Illumina Hiseq XTEN platform.;sequencing_protocol_1;sequencing_protocol_1;;;;donor 2 spleen;SAMN10755962;donor 2 spleen;SAMN10755962;;SRS4256668;9606.0;;;;;;NCBITaxon:9606;Homo sapiens;Homo sapiens;UBERON:0002106;spleen;spleen;;;;;;;;;;;;;;;;;;;;;;;;dissociation_protocol_2;1;['dissociation_protocol_2'];enrichment_protocol_1;1;['enrichment_protocol_1']
;donor 2 liver cells;SRX5255157;GSM3564839;SAMN10755961;;;9606.0;;;;;;;;;;;23000.0;NCBITaxon:9606;Homo sapiens;Homo sapiens;;;;;;;;;;;CL:0000738;leukocyte;leukocyte;;;;;;collection_protocol_2;dissociation_protocol_3;human liver transplant patient 2;donor_2;donor_2;;9606.0;brain palsy;;;;;Donation after brainstem death (DBD);;HsapDv:0000087;human adult stage;human adult stage;;;;NCBITaxon:9606;Homo sapiens;Homo sapiens;;;;;;;;;;;;;no;;;;;;;27.0;UO:0000036;year;year;male;;;;;;;;;;enrichment_protocol_1;5;;;;16.0;0.0;Read 1;;3 prime tag;OBI:0000869;polyA RNA;polyA RNA;;;;;;;EFO:0009899;10X 3' v2 sequencing;Single Cell 3' Reagent Kit v2;;;;;;;;;;;;single cell;poly-dT;;The scRNA-Seq libraries were prepared with 10X Genomics Single Cell 3' Reagent Kit v2 following the user guide provided.;library_protocol_1;library_protocol_1;;;;;;;;;;first;10.0;16.0;Read 1;;;data:3494;DNA sequence;DNA sequence;S6_R1.fastq.gz;S6_R2.fastq.gz;fastq.gz;SRR8448144;;;read1;;;;Cellranger;3.0.2;;EFO:0008567;Illumina HiSeq X;HiSeq X Ten;;EFO:0008440;tag based single cell RNA sequencing;tag based single cell RNA sequencing;no;;Single cell RNA sequencing libraries were sequenced on the Illumina Hiseq XTEN platform.;sequencing_protocol_1;sequencing_protocol_1;;;;donor 2 liver;SAMN10755961;donor 2 liver;SAMN10755961;;SRS4256669;9606.0;;;;;;NCBITaxon:9606;Homo sapiens;Homo sapiens;UBERON:0002107;liver;liver;;;;;;;;;;;;;;;;;;;;;;;;dissociation_protocol_3;1;['dissociation_protocol_3'];enrichment_protocol_1;1;['enrichment_protocol_1']
;donor 3 blood cells;SRX5255158;GSM3564840;SAMN10755960;;;9606.0;;;;;;;;;;;23000.0;NCBITaxon:9606;Homo sapiens;Homo sapiens;;;;;;;;;;;CL:0000738;leukocyte;leukocyte;;;;;;collection_protocol_1;dissociation_protocol_1;human liver transplant patient 3;donor_3;donor_3;;9606.0;brain palsy;;;;;Donation after brainstem death (DBD);;HsapDv:0000087;human adult stage;human adult stage;;;;NCBITaxon:9606;Homo sapiens;Homo sapiens;;;;;;;;;;;;;no;;;;;;;56.0;UO:0000036;year;yeay;male;;;;;;;;;;enrichment_protocol_1;6;;;;16.0;0.0;Read 1;;3 prime tag;OBI:0000869;polyA RNA;polyA RNA;;;;;;;EFO:0009899;10X 3' v2 sequencing;Single Cell 3' Reagent Kit v2;;;;;;;;;;;;single cell;poly-dT;;The scRNA-Seq libraries were prepared with 10X Genomics Single Cell 3' Reagent Kit v2 following the user guide provided.;library_protocol_1;library_protocol_1;;;;;;;;;;first;10.0;16.0;Read 1;;;data:3494;DNA sequence;DNA sequence;S7_R1.fastq.gz;S7_R2.fastq.gz;fastq.gz;SRR8448145;;;read1;;;;Cellranger;3.0.2;;EFO:0008567;Illumina HiSeq X;HiSeq X Ten;;EFO:0008440;tag based single cell RNA sequencing;tag based single cell RNA sequencing;no;;Single cell RNA sequencing libraries were sequenced on the Illumina Hiseq XTEN platform.;sequencing_protocol_1;sequencing_protocol_1;;;;donor 3 blood;SAMN10755960;donor 3 blood;SAMN10755960;;SRS4256671;9606.0;;;;;;NCBITaxon:9606;Homo sapiens;Homo sapiens;UBERON:0000178;blood;blood;;;;;;;;;;;;;;;;;;;;;;;;dissociation_protocol_1;1;['dissociation_protocol_1'];enrichment_protocol_1;1;['enrichment_protocol_1']
;donor 3 spleen cells;SRX5255159;GSM3564841;SAMN10755959;;;9606.0;;;;;;;;;;;23000.0;NCBITaxon:9606;Homo sapiens;Homo sapiens;;;;;;;;;;;CL:0000738;leukocyte;leukocyte;;;;;;collection_protocol_3;dissociation_protocol_2;human liver transplant patient 3;donor_3;donor_3;;9606.0;brain palsy;;;;;Donation after brainstem death (DBD);;HsapDv:0000087;human adult stage;human adult stage;;;;NCBITaxon:9606;Homo sapiens;Homo sapiens;;;;;;;;;;;;;no;;;;;;;56.0;UO:0000036;year;yeay;male;;;;;;;;;;enrichment_protocol_1;7;;;;16.0;0.0;Read 1;;3 prime tag;OBI:0000869;polyA RNA;polyA RNA;;;;;;;EFO:0009899;10X 3' v2 sequencing;Single Cell 3' Reagent Kit v2;;;;;;;;;;;;single cell;poly-dT;;The scRNA-Seq libraries were prepared with 10X Genomics Single Cell 3' Reagent Kit v2 following the user guide provided.;library_protocol_1;library_protocol_1;;;;;;;;;;first;10.0;16.0;Read 1;;;;;DNA sequence;SRR8448146_1.fastq.gz;SRR8448146_2.fastq.gz;fastq.gz;SRR8448146;;;read1;;;;Cellranger;3.0.2;;EFO:0008567;Illumina HiSeq X;HiSeq X Ten;;EFO:0008440;tag based single cell RNA sequencing;tag based single cell RNA sequencing;no;;Single cell RNA sequencing libraries were sequenced on the Illumina Hiseq XTEN platform.;sequencing_protocol_1;sequencing_protocol_1;;;;donor 3 spleen;SAMN10755959;donor 3 spleen;SAMN10755959;;SRS4256672;9606.0;;;;;;;;Homo sapiens;;;spleen;;;;;;;;;;;;;;;;;;;;;;;;dissociation_protocol_2;1;['dissociation_protocol_2'];enrichment_protocol_1;1;['enrichment_protocol_1']
;donor 3 liver cells;SRX5255160;GSM3564842;SAMN10755958;;;9606.0;;;;;;;;;;;23000.0;NCBITaxon:9606;Homo sapiens;Homo sapiens;;;;;;;;;;;CL:0000738;leukocyte;leukocyte;;;;;;collection_protocol_2;dissociation_protocol_3;human liver transplant patient 3;donor_3;donor_3;;9606.0;brain palsy;;;;;Donation after brainstem death (DBD);;HsapDv:0000087;human adult stage;human adult stage;;;;NCBITaxon:9606;Homo sapiens;Homo sapiens;;;;;;;;;;;;;no;;;;;;;56.0;UO:0000036;year;yeay;male;;;;;;;;;;enrichment_protocol_1;8;;;;16.0;0.0;Read 1;;3 prime tag;OBI:0000869;polyA RNA;polyA RNA;;;;;;;EFO:0009899;10X 3' v2 sequencing;Single Cell 3' Reagent Kit v2;;;;;;;;;;;;single cell;poly-dT;;The scRNA-Seq libraries were prepared with 10X Genomics Single Cell 3' Reagent Kit v2 following the user guide provided.;library_protocol_1;library_protocol_1;;;;;;;;;;first;10.0;16.0;Read 1;;;data:3494;DNA sequence;DNA sequence;S9_R1.fastq.gz;S9_R2.fastq.gz;fastq.gz;SRR8448147;;;read1;;;;Cellranger;3.0.2;;EFO:0008567;Illumina HiSeq X;HiSeq X Ten;;EFO:0008440;tag based single cell RNA sequencing;tag based single cell RNA sequencing;no;;Single cell RNA sequencing libraries were sequenced on the Illumina Hiseq XTEN platform.;sequencing_protocol_1;sequencing_protocol_1;;;;donor 3 liver;SAMN10755958;donor 3 liver;SAMN10755958;;SRS4256673;9606.0;;;;;;NCBITaxon:9606;Homo sapiens;Homo sapiens;UBERON:0002107;liver;liver;;;;;;;;;;;;;;;;;;;;;;;;dissociation_protocol_3;1;['dissociation_protocol_3'];enrichment_protocol_1;1;['enrichment_protocol_1']
