spreadsheet,HCA project uuid,study accession,E-HCAD accession,curator initials,experiment type,factor values,public release date,hca last update date
eligible_experiment_design_01.xlsx,c893cb57-5c9f-4f26-9312-21b85be84313,ERP1374291,1,AD,differential,organ,2022-05-12,2021-04-29
