Test cases

python3 hca2scea.py -s test/golden/hca_to_scea_test_01.xlsx -id c893cb57-5c9f-4f26-9312-21b85be84313 -study ERP1374291 -ac 1 -c AD -et differential -f organ -pd 2022-05-12 -hd 2021-04-29

2 technology types that are compatible
1 technology type that is not compatible - only technology
2 technology types that are not compatible
1 technology type that is not compatible - 1 is compatible, the other(s) are not compatible
2 species types
cell line and organoid and specimen 1: cell line -> specimen (equal numbers)
cell line and organoid and specimen 2: cell line -> organoid -> specimen (equal numbers)
cell line and organoid and specimen 3: some cell line -> organoid, some cell line only (not equal numbers)
cell line and organoid and specimen 4: some cell line -> organoid, some cell line only, some specimen (not equal numbers)
pooled samples - 1 donor
pooled samples - 2 specimen
pooled samples - 3 cell suspension
pooled samples - 4 organoids
pooled samples - 5 cell lines
