spreadsheet	HCA project uuid	E-HCAD accession	curator initials	technology	experiment type	factor values	public release date	hca last update date	study accession
GSE148963_final_scea.xlsx	c893cb57-5c9f-4f26-9312-21b85be84313	E-HCAD-50	AD	10Xv2_3	baseline	individual	2009-02-27	2021-04-29	SRP257542
